[2025-09-11 11:37:57,600] [basehttp.py:154] [basehttp:log_message] [INFO]- "GET / HTTP/1.1" 200 512
[2025-09-11 11:37:57,609] [basehttp.py:154] [basehttp:log_message] [INFO]- "GET /static/js/manifest.27706562757206fc07fd.js HTTP/1.1" 304 0
[2025-09-11 11:37:57,609] [basehttp.py:154] [basehttp:log_message] [INFO]- "GET /static/css/app.3653f32150f30f0233bf0ae74b804f89.css HTTP/1.1" 304 0
[2025-09-11 11:37:57,610] [basehttp.py:154] [basehttp:log_message] [INFO]- "GET /static/js/vendor.a961cb56b9365ac34970.js HTTP/1.1" 304 0
[2025-09-11 11:37:57,611] [basehttp.py:154] [basehttp:log_message] [INFO]- "GET /static/js/app.230bdfb9b5c80b0ed378.js HTTP/1.1" 304 0
[2025-09-11 11:37:57,878] [basehttp.py:154] [basehttp:log_message] [INFO]- "GET /static/js/2.caae714a695c32ffe083.js HTTP/1.1" 200 576
[2025-09-11 11:37:57,978] [basehttp.py:154] [basehttp:log_message] [INFO]- "GET /static/fonts/element-icons.535877f.woff HTTP/1.1" 304 0
[2025-09-11 11:37:58,018] [basehttp.py:154] [basehttp:log_message] [INFO]- "GET /favicon.ico HTTP/1.1" 200 512
[2025-09-11 11:38:03,815] [basehttp.py:154] [basehttp:log_message] [INFO]- "GET /static/js/1.eb848338375696cc459c.js HTTP/1.1" 200 1105
[2025-09-11 11:38:03,815] [basehttp.py:154] [basehttp:log_message] [INFO]- "GET /static/js/11.e9ec2d1126e7544da099.js HTTP/1.1" 200 32723
[2025-09-11 11:38:03,867] [basehttp.py:154] [basehttp:log_message] [INFO]- "GET /favicon.ico HTTP/1.1" 200 512
[2025-09-11 11:38:03,906] [log.py:228] [log:log_response] [WARNING]- Forbidden: /IntelligentCabinet/init-data/
[2025-09-11 11:38:03,906] [basehttp.py:154] [basehttp:log_message] [WARNING]- "GET /IntelligentCabinet/init-data/?isGetData=first HTTP/1.1" 403 183
[2025-09-11 11:38:07,880] [basehttp.py:154] [basehttp:log_message] [INFO]- "GET /.well-known/appspecific/com.chrome.devtools.json HTTP/1.1" 200 512
[2025-09-11 11:38:07,926] [basehttp.py:154] [basehttp:log_message] [INFO]- "GET /static/js/manifest.27706562757206fc07fd.js.map HTTP/1.1" 304 0
[2025-09-11 11:38:07,926] [basehttp.py:154] [basehttp:log_message] [INFO]- "GET /static/js/vendor.a961cb56b9365ac34970.js.map HTTP/1.1" 304 0
[2025-09-11 11:38:07,927] [basehttp.py:154] [basehttp:log_message] [INFO]- "GET /static/js/app.230bdfb9b5c80b0ed378.js.map HTTP/1.1" 304 0
[2025-09-11 11:38:07,928] [basehttp.py:154] [basehttp:log_message] [INFO]- "GET /static/js/2.caae714a695c32ffe083.js.map HTTP/1.1" 200 3952
[2025-09-11 11:38:07,929] [basehttp.py:154] [basehttp:log_message] [INFO]- "GET /static/js/1.eb848338375696cc459c.js.map HTTP/1.1" 200 6038
[2025-09-11 11:38:07,930] [basehttp.py:154] [basehttp:log_message] [INFO]- "GET /static/js/11.e9ec2d1126e7544da099.js.map HTTP/1.1" 200 119418
[2025-09-11 11:38:07,931] [basehttp.py:154] [basehttp:log_message] [INFO]- "GET /static/css/app.3653f32150f30f0233bf0ae74b804f89.css.map HTTP/1.1" 304 0
[2025-09-11 11:38:28,919] [basehttp.py:154] [basehttp:log_message] [INFO]- "GET /IntelligentCabinet/cabinetsmanage/ HTTP/1.1" 200 512
[2025-09-11 11:38:28,962] [basehttp.py:154] [basehttp:log_message] [INFO]- "GET /.well-known/appspecific/com.chrome.devtools.json HTTP/1.1" 200 512
[2025-09-11 11:38:29,089] [log.py:228] [log:log_response] [WARNING]- Forbidden: /IntelligentCabinet/init-data/
[2025-09-11 11:38:29,090] [basehttp.py:154] [basehttp:log_message] [WARNING]- "GET /IntelligentCabinet/init-data/?isGetData=first HTTP/1.1" 403 183
[2025-09-11 11:38:29,093] [basehttp.py:154] [basehttp:log_message] [INFO]- "GET /favicon.ico HTTP/1.1" 200 512
[2025-09-11 11:38:36,729] [basehttp.py:154] [basehttp:log_message] [INFO]- "GET /login/ HTTP/1.1" 200 512
[2025-09-11 11:38:36,768] [basehttp.py:154] [basehttp:log_message] [INFO]- "GET /.well-known/appspecific/com.chrome.devtools.json HTTP/1.1" 200 512
[2025-09-11 11:38:36,781] [basehttp.py:154] [basehttp:log_message] [INFO]- "GET /static/js/6.773d895538456b016d8d.js HTTP/1.1" 304 0
[2025-09-11 11:38:36,796] [basehttp.py:154] [basehttp:log_message] [INFO]- "GET /static/js/6.773d895538456b016d8d.js.map HTTP/1.1" 304 0
[2025-09-11 11:38:36,818] [basehttp.py:154] [basehttp:log_message] [INFO]- "GET /favicon.ico HTTP/1.1" 200 512
[2025-09-11 11:38:38,387] [UserIP.py:88] [UserIP:process_response] [INFO]- 2025-09-11 11:38:38: edwin/AnonymousUser/Admin> None/EDWIN/bxbei > 127.0.0.1/127.0.0.1 > <WSGIRequest: POST '/api/login/'>
[2025-09-11 11:38:38,395] [basehttp.py:154] [basehttp:log_message] [INFO]- "POST /api/login/ HTTP/1.1" 200 1319
[2025-09-11 11:38:38,635] [basehttp.py:154] [basehttp:log_message] [INFO]- "GET /favicon.ico HTTP/1.1" 200 512
[2025-09-11 11:38:40,731] [basehttp.py:154] [basehttp:log_message] [INFO]- "GET /favicon.ico HTTP/1.1" 200 512
[2025-09-11 11:38:40,876] [basehttp.py:154] [basehttp:log_message] [INFO]- "GET /IntelligentCabinet/init-data/?isGetData=first HTTP/1.1" 200 15420
