[2025-09-29 13:17:11,221] [basehttp.py:154] [basehttp:log_message] [INFO]- "GET / HTTP/1.1" 200 512
[2025-09-29 13:17:11,237] [basehttp.py:154] [basehttp:log_message] [INFO]- "GET /static/css/app.3653f32150f30f0233bf0ae74b804f89.css HTTP/1.1" 304 0
[2025-09-29 13:17:11,240] [basehttp.py:154] [basehttp:log_message] [INFO]- "GET /static/js/manifest.27706562757206fc07fd.js HTTP/1.1" 304 0
[2025-09-29 13:17:11,241] [basehttp.py:154] [basehttp:log_message] [INFO]- "GET /static/js/app.1ba323f58fa505a65f09.js HTTP/1.1" 304 0
[2025-09-29 13:17:11,241] [basehttp.py:154] [basehttp:log_message] [INFO]- "GET /static/js/vendor.a961cb56b9365ac34970.js HTTP/1.1" 304 0
[2025-09-29 13:17:11,612] [basehttp.py:154] [basehttp:log_message] [INFO]- "GET /static/js/6.773d895538456b016d8d.js HTTP/1.1" 304 0
[2025-09-29 13:17:12,019] [basehttp.py:154] [basehttp:log_message] [INFO]- "GET /static/fonts/element-icons.535877f.woff HTTP/1.1" 304 0
[2025-09-29 13:17:16,652] [UserIP.py:88] [UserIP:process_response] [INFO]- 2025-09-29 13:17:16: edwin/AnonymousUser/Admin> None/EDWIN/bxbei > 127.0.0.1/127.0.0.1 > <WSGIRequest: POST '/api/login/'>
[2025-09-29 13:17:16,706] [basehttp.py:154] [basehttp:log_message] [INFO]- "POST /api/login/ HTTP/1.1" 200 1319
[2025-09-29 13:17:16,923] [basehttp.py:154] [basehttp:log_message] [INFO]- "GET /static/js/2.caae714a695c32ffe083.js HTTP/1.1" 304 0
[2025-09-29 13:17:35,893] [basehttp.py:154] [basehttp:log_message] [INFO]- "GET /admin HTTP/1.1" 200 512
[2025-09-29 13:17:35,989] [basehttp.py:154] [basehttp:log_message] [INFO]- "GET /static/js/0.5f107eafff21c126dca7.js HTTP/1.1" 200 598
[2025-09-29 13:17:36,353] [basehttp.py:154] [basehttp:log_message] [INFO]- "GET /admin/ HTTP/1.1" 302 0
[2025-09-29 13:17:36,569] [basehttp.py:154] [basehttp:log_message] [INFO]- "GET /admin/login/?next=/admin/ HTTP/1.1" 200 1818
[2025-09-29 13:17:39,751] [UserIP.py:90] [UserIP:process_response] [CRITICAL]- 系统错误Expecting value: line 1 column 1 (char 0)
[2025-09-29 13:17:39,767] [basehttp.py:154] [basehttp:log_message] [INFO]- "POST /admin/login/?next=/admin/ HTTP/1.1" 302 0
[2025-09-29 13:17:39,849] [basehttp.py:154] [basehttp:log_message] [INFO]- "GET /admin/ HTTP/1.1" 200 9921
[2025-09-29 13:17:53,050] [basehttp.py:154] [basehttp:log_message] [INFO]- "GET /admin/backend01/permission/ HTTP/1.1" 200 7236
[2025-09-29 13:17:53,111] [basehttp.py:154] [basehttp:log_message] [INFO]- "GET /admin/jsi18n/ HTTP/1.1" 200 3334
[2025-09-29 13:17:55,206] [basehttp.py:154] [basehttp:log_message] [INFO]- "GET /admin/backend01/permission/3/change/ HTTP/1.1" 200 6683
[2025-09-29 13:17:55,298] [basehttp.py:154] [basehttp:log_message] [INFO]- "GET /admin/jsi18n/ HTTP/1.1" 200 3334
[2025-09-29 13:18:28,544] [log.py:228] [log:log_response] [WARNING]- Forbidden (CSRF token missing or incorrect.): /admin/MenuAdmin/list
[2025-09-29 13:18:28,545] [UserIP.py:90] [UserIP:process_response] [CRITICAL]- 系统错误Expecting value: line 2 column 1 (char 1)
[2025-09-29 13:18:28,586] [basehttp.py:154] [basehttp:log_message] [WARNING]- "POST /admin/MenuAdmin/list?page=1&perPage=10&orderBy=&orderDir= HTTP/1.1" 403 2513
[2025-09-29 13:19:13,979] [basehttp.py:154] [basehttp:log_message] [INFO]- "GET / HTTP/1.1" 200 512
[2025-09-29 13:19:14,001] [basehttp.py:154] [basehttp:log_message] [INFO]- "GET /static/js/manifest.27706562757206fc07fd.js HTTP/1.1" 200 1816
[2025-09-29 13:19:14,003] [basehttp.py:154] [basehttp:log_message] [INFO]- "GET /static/js/app.1ba323f58fa505a65f09.js HTTP/1.1" 200 26031
[2025-09-29 13:19:14,006] [basehttp.py:154] [basehttp:log_message] [INFO]- "GET /static/css/app.3653f32150f30f0233bf0ae74b804f89.css HTTP/1.1" 200 272388
[2025-09-29 13:19:14,024] [basehttp.py:154] [basehttp:log_message] [INFO]- "GET /static/js/vendor.a961cb56b9365ac34970.js HTTP/1.1" 200 1181037
[2025-09-29 13:19:14,105] [basehttp.py:154] [basehttp:log_message] [INFO]- "GET /static/js/6.773d895538456b016d8d.js HTTP/1.1" 200 3009
[2025-09-29 13:19:14,140] [basehttp.py:154] [basehttp:log_message] [INFO]- "GET /static/fonts/element-icons.535877f.woff HTTP/1.1" 200 28200
[2025-09-29 13:19:14,173] [basehttp.py:154] [basehttp:log_message] [INFO]- "GET /favicon.ico HTTP/1.1" 200 512
[2025-09-29 13:19:53,412] [basehttp.py:154] [basehttp:log_message] [INFO]- "GET /admin/ HTTP/1.1" 200 9921
[2025-09-29 13:19:53,436] [basehttp.py:154] [basehttp:log_message] [INFO]- "GET /static/admin/css/base.css HTTP/1.1" 200 16225
[2025-09-29 13:19:53,437] [basehttp.py:154] [basehttp:log_message] [INFO]- "GET /static/admin/css/dashboard.css HTTP/1.1" 200 412
[2025-09-29 13:19:53,438] [basehttp.py:154] [basehttp:log_message] [INFO]- "GET /static/admin/css/responsive.css HTTP/1.1" 200 17976
[2025-09-29 13:19:53,443] [basehttp.py:154] [basehttp:log_message] [INFO]- "GET /static/admin/css/fonts.css HTTP/1.1" 200 423
[2025-09-29 13:19:53,461] [basehttp.py:154] [basehttp:log_message] [INFO]- "GET /static/admin/img/icon-addlink.svg HTTP/1.1" 200 331
[2025-09-29 13:19:53,461] [basehttp.py:154] [basehttp:log_message] [INFO]- "GET /static/admin/img/icon-deletelink.svg HTTP/1.1" 200 392
[2025-09-29 13:19:53,461] [basehttp.py:154] [basehttp:log_message] [INFO]- "GET /static/admin/img/icon-changelink.svg HTTP/1.1" 200 380
[2025-09-29 13:19:53,536] [basehttp.py:154] [basehttp:log_message] [INFO]- "GET /static/admin/fonts/Roboto-Regular-webfont.woff HTTP/1.1" 200 80304
[2025-09-29 13:19:53,537] [basehttp.py:154] [basehttp:log_message] [INFO]- "GET /static/admin/fonts/Roboto-Light-webfont.woff HTTP/1.1" 200 81348
[2025-09-29 13:19:53,543] [basehttp.py:154] [basehttp:log_message] [INFO]- "GET /static/admin/fonts/Roboto-Bold-webfont.woff HTTP/1.1" 200 82564
[2025-09-29 13:19:53,584] [basehttp.py:154] [basehttp:log_message] [INFO]- "GET /favicon.ico HTTP/1.1" 200 512
[2025-09-29 13:20:00,203] [basehttp.py:154] [basehttp:log_message] [INFO]- "GET /admin/backend01/userinfo/ HTTP/1.1" 200 8575
[2025-09-29 13:20:00,237] [basehttp.py:154] [basehttp:log_message] [INFO]- "GET /static/admin/css/changelists.css HTTP/1.1" 200 6170
[2025-09-29 13:20:00,251] [basehttp.py:154] [basehttp:log_message] [INFO]- "GET /static/admin/js/jquery.init.js HTTP/1.1" 200 363
[2025-09-29 13:20:00,254] [basehttp.py:154] [basehttp:log_message] [INFO]- "GET /static/admin/js/core.js HTTP/1.1" 200 7135
[2025-09-29 13:20:00,259] [basehttp.py:154] [basehttp:log_message] [INFO]- "GET /static/admin/js/admin/RelatedObjectLookups.js HTTP/1.1" 200 6918
[2025-09-29 13:20:00,261] [basehttp.py:154] [basehttp:log_message] [INFO]- "GET /static/admin/js/actions.js HTTP/1.1" 200 6538
[2025-09-29 13:20:00,268] [basehttp.py:154] [basehttp:log_message] [INFO]- "GET /static/admin/js/urlify.js HTTP/1.1" 200 8972
[2025-09-29 13:20:00,274] [basehttp.py:154] [basehttp:log_message] [INFO]- "GET /static/admin/js/vendor/jquery/jquery.js HTTP/1.1" 200 271751
[2025-09-29 13:20:00,278] [basehttp.py:154] [basehttp:log_message] [INFO]- "GET /static/admin/js/prepopulate.js HTTP/1.1" 200 1530
[2025-09-29 13:20:00,281] [basehttp.py:154] [basehttp:log_message] [INFO]- "GET /static/admin/js/vendor/xregexp/xregexp.js HTTP/1.1" 200 128820
[2025-09-29 13:20:00,282] [basehttp.py:154] [basehttp:log_message] [INFO]- "GET /static/admin/img/search.svg HTTP/1.1" 200 458
[2025-09-29 13:20:00,285] [basehttp.py:154] [basehttp:log_message] [INFO]- "GET /static/admin/img/icon-yes.svg HTTP/1.1" 200 436
[2025-09-29 13:20:00,287] [basehttp.py:154] [basehttp:log_message] [INFO]- "GET /admin/jsi18n/ HTTP/1.1" 200 3334
[2025-09-29 13:20:00,297] [basehttp.py:154] [basehttp:log_message] [INFO]- "GET /static/admin/img/icon-no.svg HTTP/1.1" 200 560
[2025-09-29 13:20:00,314] [basehttp.py:154] [basehttp:log_message] [INFO]- "GET /static/admin/img/tooltag-add.svg HTTP/1.1" 200 331
[2025-09-29 13:20:00,317] [basehttp.py:154] [basehttp:log_message] [INFO]- "GET /static/admin/img/sorting-icons.svg HTTP/1.1" 200 1097
[2025-09-29 13:20:00,353] [basehttp.py:154] [basehttp:log_message] [INFO]- "GET /favicon.ico HTTP/1.1" 200 512
[2025-09-29 13:20:04,727] [basehttp.py:154] [basehttp:log_message] [INFO]- "GET /admin/backend01/userinfo/1/change/ HTTP/1.1" 200 18035
[2025-09-29 13:20:04,767] [basehttp.py:154] [basehttp:log_message] [INFO]- "GET /static/admin/css/forms.css HTTP/1.1" 200 8505
[2025-09-29 13:20:04,768] [basehttp.py:154] [basehttp:log_message] [INFO]- "GET /static/admin/js/SelectBox.js HTTP/1.1" 200 5755
[2025-09-29 13:20:04,779] [basehttp.py:154] [basehttp:log_message] [INFO]- "GET /static/admin/js/calendar.js HTTP/1.1" 200 7777
[2025-09-29 13:20:04,785] [basehttp.py:154] [basehttp:log_message] [INFO]- "GET /static/admin/js/admin/DateTimeShortcuts.js HTTP/1.1" 200 20281
[2025-09-29 13:20:04,785] [basehttp.py:154] [basehttp:log_message] [INFO]- "GET /static/admin/js/SelectFilter2.js HTTP/1.1" 200 12712
[2025-09-29 13:20:04,801] [basehttp.py:154] [basehttp:log_message] [INFO]- "GET /static/admin/js/prepopulate_init.js HTTP/1.1" 200 495
[2025-09-29 13:20:04,805] [basehttp.py:154] [basehttp:log_message] [INFO]- "GET /static/admin/js/change_form.js HTTP/1.1" 200 712
[2025-09-29 13:20:04,817] [basehttp.py:154] [basehttp:log_message] [INFO]- "GET /static/admin/css/widgets.css HTTP/1.1" 200 10340
[2025-09-29 13:20:04,842] [basehttp.py:154] [basehttp:log_message] [INFO]- "GET /admin/jsi18n/ HTTP/1.1" 200 3334
[2025-09-29 13:20:04,889] [basehttp.py:154] [basehttp:log_message] [INFO]- "GET /static/admin/img/icon-unknown.svg HTTP/1.1" 200 655
[2025-09-29 13:20:04,889] [basehttp.py:154] [basehttp:log_message] [INFO]- "GET /static/admin/img/icon-unknown-alt.svg HTTP/1.1" 200 655
[2025-09-29 13:20:04,891] [basehttp.py:154] [basehttp:log_message] [INFO]- "GET /static/admin/img/selector-icons.svg HTTP/1.1" 200 3291
[2025-09-29 13:20:04,915] [basehttp.py:154] [basehttp:log_message] [INFO]- "GET /static/admin/img/icon-calendar.svg HTTP/1.1" 200 1086
[2025-09-29 13:20:04,915] [basehttp.py:154] [basehttp:log_message] [INFO]- "GET /static/admin/img/icon-clock.svg HTTP/1.1" 200 677
[2025-09-29 13:20:05,008] [basehttp.py:154] [basehttp:log_message] [INFO]- "GET /favicon.ico HTTP/1.1" 200 512
[2025-09-29 13:20:18,632] [basehttp.py:154] [basehttp:log_message] [INFO]- "GET /admin/ HTTP/1.1" 200 9921
[2025-09-29 13:20:19,034] [basehttp.py:154] [basehttp:log_message] [INFO]- "GET /favicon.ico HTTP/1.1" 200 512
[2025-09-29 13:20:22,565] [basehttp.py:154] [basehttp:log_message] [INFO]- "GET / HTTP/1.1" 200 512
[2025-09-29 13:20:22,749] [basehttp.py:154] [basehttp:log_message] [INFO]- "GET /favicon.ico HTTP/1.1" 200 512
[2025-09-29 13:21:56,010] [basehttp.py:154] [basehttp:log_message] [INFO]- "GET /admin/backend01/userinfo/1/history/ HTTP/1.1" 200 1968
[2025-09-29 13:21:56,064] [basehttp.py:154] [basehttp:log_message] [INFO]- "GET /favicon.ico HTTP/1.1" 200 512
[2025-09-29 13:21:58,875] [basehttp.py:154] [basehttp:log_message] [INFO]- "GET /admin/backend01/userinfo/1/change/ HTTP/1.1" 200 18035
[2025-09-29 13:21:58,972] [basehttp.py:154] [basehttp:log_message] [INFO]- "GET /favicon.ico HTTP/1.1" 200 512
[2025-09-29 13:22:00,573] [basehttp.py:154] [basehttp:log_message] [INFO]- "GET /admin/backend01/userinfo/ HTTP/1.1" 200 8575
[2025-09-29 13:22:00,662] [basehttp.py:154] [basehttp:log_message] [INFO]- "GET /favicon.ico HTTP/1.1" 200 512
[2025-09-29 13:22:26,449] [basehttp.py:154] [basehttp:log_message] [INFO]- "GET /admin/backend01/userinfo/1/change/ HTTP/1.1" 200 18035
[2025-09-29 13:22:26,488] [basehttp.py:154] [basehttp:log_message] [INFO]- "GET /admin/jsi18n/ HTTP/1.1" 200 3334
[2025-09-29 13:22:26,529] [basehttp.py:154] [basehttp:log_message] [INFO]- "GET /favicon.ico HTTP/1.1" 200 512
[2025-09-29 13:25:48,123] [basehttp.py:154] [basehttp:log_message] [INFO]- "GET /admin/backend01/userinfo/1/password/ HTTP/1.1" 200 3219
[2025-09-29 13:25:48,174] [basehttp.py:154] [basehttp:log_message] [INFO]- "GET /admin/jsi18n/ HTTP/1.1" 200 3334
[2025-09-29 13:25:48,200] [basehttp.py:154] [basehttp:log_message] [INFO]- "GET /favicon.ico HTTP/1.1" 200 512
[2025-09-29 13:25:59,610] [UserIP.py:90] [UserIP:process_response] [CRITICAL]- 系统错误Expecting value: line 1 column 1 (char 0)
[2025-09-29 13:25:59,642] [basehttp.py:154] [basehttp:log_message] [INFO]- "POST /admin/backend01/userinfo/1/password/ HTTP/1.1" 302 0
[2025-09-29 13:26:00,012] [basehttp.py:154] [basehttp:log_message] [INFO]- "GET /admin/backend01/userinfo/1/change/ HTTP/1.1" 200 18157
[2025-09-29 13:26:00,120] [basehttp.py:154] [basehttp:log_message] [INFO]- "GET /admin/jsi18n/ HTTP/1.1" 200 3334
[2025-09-29 13:26:00,308] [basehttp.py:154] [basehttp:log_message] [INFO]- "GET /favicon.ico HTTP/1.1" 200 512
[2025-09-29 13:26:20,435] [basehttp.py:154] [basehttp:log_message] [INFO]- "GET /.well-known/appspecific/com.chrome.devtools.json HTTP/1.1" 200 512
[2025-09-29 13:26:20,502] [basehttp.py:154] [basehttp:log_message] [INFO]- "GET /static/js/manifest.27706562757206fc07fd.js.map HTTP/1.1" 200 8429
[2025-09-29 13:26:20,503] [basehttp.py:154] [basehttp:log_message] [INFO]- "GET /static/js/6.773d895538456b016d8d.js.map HTTP/1.1" 200 12187
[2025-09-29 13:26:20,506] [basehttp.py:154] [basehttp:log_message] [INFO]- "GET /static/js/app.1ba323f58fa505a65f09.js.map HTTP/1.1" 200 91380
[2025-09-29 13:26:20,517] [basehttp.py:154] [basehttp:log_message] [INFO]- "GET /static/css/app.3653f32150f30f0233bf0ae74b804f89.css.map HTTP/1.1" 200 407608
[2025-09-29 13:26:20,586] [basehttp.py:154] [basehttp:log_message] [INFO]- "GET /static/js/vendor.a961cb56b9365ac34970.js.map HTTP/1.1" 200 5325820
[2025-09-29 13:29:34,715] [basehttp.py:154] [basehttp:log_message] [INFO]- "GET / HTTP/1.1" 200 512
[2025-09-29 13:29:52,831] [basehttp.py:154] [basehttp:log_message] [INFO]- "GET /admin/ HTTP/1.1" 200 9913
[2025-09-29 13:29:57,094] [basehttp.py:154] [basehttp:log_message] [INFO]- "GET /admin/backend01/permission/ HTTP/1.1" 200 7236
[2025-09-29 13:29:57,134] [basehttp.py:154] [basehttp:log_message] [INFO]- "GET /admin/jsi18n/ HTTP/1.1" 200 3334
[2025-09-29 13:30:00,954] [basehttp.py:154] [basehttp:log_message] [INFO]- "GET /admin/backend01/permission/3/change/ HTTP/1.1" 200 6683
[2025-09-29 13:30:01,014] [basehttp.py:154] [basehttp:log_message] [INFO]- "GET /admin/jsi18n/ HTTP/1.1" 200 3334
[2025-09-29 13:30:14,223] [basehttp.py:154] [basehttp:log_message] [INFO]- "GET /admin/ HTTP/1.1" 302 0
[2025-09-29 13:30:14,274] [basehttp.py:154] [basehttp:log_message] [INFO]- "GET /admin/login/?next=/admin/ HTTP/1.1" 200 1818
[2025-09-29 13:30:14,781] [basehttp.py:154] [basehttp:log_message] [INFO]- "GET /static/admin/css/base.css HTTP/1.1" 200 16225
[2025-09-29 13:30:14,781] [basehttp.py:154] [basehttp:log_message] [INFO]- "GET /static/admin/css/login.css HTTP/1.1" 200 1203
[2025-09-29 13:30:14,782] [basehttp.py:154] [basehttp:log_message] [INFO]- "GET /static/admin/css/responsive.css HTTP/1.1" 200 17976
[2025-09-29 13:30:15,009] [basehttp.py:154] [basehttp:log_message] [INFO]- "GET /static/admin/css/fonts.css HTTP/1.1" 200 423
[2025-09-29 13:30:15,109] [basehttp.py:154] [basehttp:log_message] [INFO]- "GET /static/admin/fonts/Roboto-Regular-webfont.woff HTTP/1.1" 200 80304
[2025-09-29 13:30:15,110] [basehttp.py:154] [basehttp:log_message] [INFO]- "GET /static/admin/fonts/Roboto-Light-webfont.woff HTTP/1.1" 200 81348
[2025-09-29 13:30:15,308] [basehttp.py:154] [basehttp:log_message] [INFO]- "GET /favicon.ico HTTP/1.1" 200 512
[2025-09-29 13:30:18,557] [basehttp.py:154] [basehttp:log_message] [INFO]- "GET /admin/ HTTP/1.1" 302 0
[2025-09-29 13:30:18,571] [basehttp.py:154] [basehttp:log_message] [INFO]- "GET /admin/login/?next=/admin/ HTTP/1.1" 200 1818
[2025-09-29 13:30:18,655] [basehttp.py:154] [basehttp:log_message] [INFO]- "GET /favicon.ico HTTP/1.1" 200 512
[2025-09-29 13:32:12,887] [basehttp.py:154] [basehttp:log_message] [INFO]- "GET / HTTP/1.1" 200 512
[2025-09-29 13:39:04,960] [basehttp.py:154] [basehttp:log_message] [INFO]- "GET /admin HTTP/1.1" 200 512
[2025-09-29 13:39:05,031] [basehttp.py:154] [basehttp:log_message] [INFO]- "GET /static/js/manifest.27706562757206fc07fd.js HTTP/1.1" 200 1816
[2025-09-29 13:39:05,036] [basehttp.py:154] [basehttp:log_message] [INFO]- "GET /static/css/app.3653f32150f30f0233bf0ae74b804f89.css HTTP/1.1" 200 272388
[2025-09-29 13:39:05,046] [basehttp.py:154] [basehttp:log_message] [INFO]- "GET /static/js/app.1ba323f58fa505a65f09.js HTTP/1.1" 200 26031
[2025-09-29 13:39:05,079] [basehttp.py:154] [basehttp:log_message] [INFO]- "GET /static/js/vendor.a961cb56b9365ac34970.js HTTP/1.1" 200 1181037
[2025-09-29 13:39:05,346] [basehttp.py:154] [basehttp:log_message] [INFO]- "GET /static/js/6.773d895538456b016d8d.js HTTP/1.1" 200 3009
[2025-09-29 13:39:05,644] [basehttp.py:154] [basehttp:log_message] [INFO]- "GET /static/fonts/element-icons.535877f.woff HTTP/1.1" 200 28200
[2025-09-29 13:39:05,958] [basehttp.py:154] [basehttp:log_message] [INFO]- "GET /favicon.ico HTTP/1.1" 200 512
[2025-09-29 13:48:16,350] [basehttp.py:154] [basehttp:log_message] [INFO]- "GET / HTTP/1.1" 200 512
[2025-09-29 13:59:22,990] [basehttp.py:154] [basehttp:log_message] [INFO]- "GET / HTTP/1.1" 200 512
[2025-09-29 14:03:05,188] [basehttp.py:154] [basehttp:log_message] [INFO]- "GET /admin/backend01/permission/3/change/ HTTP/1.1" 200 6683
[2025-09-29 14:03:40,141] [basehttp.py:154] [basehttp:log_message] [INFO]- "GET /admin/backend01/permission/ HTTP/1.1" 200 7236
[2025-09-29 14:03:41,183] [basehttp.py:154] [basehttp:log_message] [INFO]- "GET /admin/ HTTP/1.1" 200 9913
[2025-09-29 14:03:43,000] [basehttp.py:154] [basehttp:log_message] [INFO]- "GET /admin/backend01/menu/ HTTP/1.1" 200 6715
[2025-09-29 14:03:43,070] [basehttp.py:154] [basehttp:log_message] [INFO]- "GET /admin/jsi18n/ HTTP/1.1" 200 3334
[2025-09-29 14:03:45,931] [basehttp.py:154] [basehttp:log_message] [INFO]- "GET /admin/backend01/menu/5/change/ HTTP/1.1" 200 6968
[2025-09-29 14:03:46,012] [basehttp.py:154] [basehttp:log_message] [INFO]- "GET /admin/jsi18n/ HTTP/1.1" 200 3334
[2025-09-29 14:03:52,015] [basehttp.py:154] [basehttp:log_message] [INFO]- "GET /admin/backend01/menu/ HTTP/1.1" 200 6715
[2025-09-29 14:04:04,759] [basehttp.py:154] [basehttp:log_message] [INFO]- "GET /admin/backend01/menu/4/change/ HTTP/1.1" 200 6955
[2025-09-29 14:04:04,831] [basehttp.py:154] [basehttp:log_message] [INFO]- "GET /admin/jsi18n/ HTTP/1.1" 200 3334
[2025-09-29 14:05:23,753] [basehttp.py:154] [basehttp:log_message] [INFO]- "GET /admin/backend01/menu/ HTTP/1.1" 200 6715
[2025-09-29 14:05:25,461] [basehttp.py:154] [basehttp:log_message] [INFO]- "GET /admin/backend01/menu/5/change/ HTTP/1.1" 200 6968
[2025-09-29 14:05:25,510] [basehttp.py:154] [basehttp:log_message] [INFO]- "GET /admin/jsi18n/ HTTP/1.1" 200 3334
[2025-09-29 15:01:44,192] [basehttp.py:154] [basehttp:log_message] [INFO]- "GET /admin/backend01/menu/5/change/ HTTP/1.1" 200 6968
[2025-09-29 15:01:44,328] [basehttp.py:154] [basehttp:log_message] [INFO]- "GET /admin/jsi18n/ HTTP/1.1" 200 3334
[2025-09-29 16:16:40,455] [basehttp.py:154] [basehttp:log_message] [INFO]- "GET / HTTP/1.1" 200 512
[2025-09-29 16:16:44,197] [basehttp.py:154] [basehttp:log_message] [INFO]- "GET / HTTP/1.1" 200 512
[2025-09-30 08:45:55,378] [basehttp.py:154] [basehttp:log_message] [INFO]- "GET /admin/backend01/menu/5/change/ HTTP/1.1" 200 6968
[2025-09-30 08:45:55,436] [basehttp.py:154] [basehttp:log_message] [INFO]- "GET /admin/jsi18n/ HTTP/1.1" 200 3334
[2025-09-30 08:45:58,124] [basehttp.py:154] [basehttp:log_message] [INFO]- "GET /admin/backend01/menu/ HTTP/1.1" 200 6715
[2025-09-30 08:45:59,515] [basehttp.py:154] [basehttp:log_message] [INFO]- "GET /admin/backend01/menu/ HTTP/1.1" 200 6715
[2025-09-30 08:45:59,549] [basehttp.py:154] [basehttp:log_message] [INFO]- "GET /admin/jsi18n/ HTTP/1.1" 200 3334
[2025-09-30 08:46:02,429] [basehttp.py:154] [basehttp:log_message] [INFO]- "GET /admin/backend01/menu/ HTTP/1.1" 200 6715
[2025-09-30 08:46:02,461] [basehttp.py:154] [basehttp:log_message] [INFO]- "GET /admin/jsi18n/ HTTP/1.1" 200 3334
[2025-09-30 08:46:03,966] [basehttp.py:154] [basehttp:log_message] [INFO]- "GET /admin/ HTTP/1.1" 200 9913
[2025-09-30 08:46:19,755] [basehttp.py:154] [basehttp:log_message] [INFO]- "GET /admin/backend01/permission/ HTTP/1.1" 200 7236
[2025-09-30 08:46:19,766] [basehttp.py:154] [basehttp:log_message] [ERROR]- "GET /admin/backend01/permission/ HTTP/1.1" 500 59
[2025-09-30 08:46:19,800] [basehttp.py:154] [basehttp:log_message] [INFO]- "GET /admin/backend01/permission/ HTTP/1.1" 200 7236
[2025-09-30 08:46:19,833] [basehttp.py:154] [basehttp:log_message] [INFO]- "GET /admin/jsi18n/ HTTP/1.1" 200 3334
[2025-09-30 08:46:25,276] [basehttp.py:154] [basehttp:log_message] [INFO]- "GET /admin/backend01/permission/3/change/ HTTP/1.1" 200 6683
[2025-09-30 08:46:25,306] [basehttp.py:154] [basehttp:log_message] [INFO]- "GET /admin/jsi18n/ HTTP/1.1" 200 3334
[2025-09-30 08:49:07,749] [basehttp.py:154] [basehttp:log_message] [INFO]- "GET /admin/backend01/permission/ HTTP/1.1" 200 7236
[2025-09-30 08:49:09,912] [basehttp.py:154] [basehttp:log_message] [INFO]- "GET /admin/ HTTP/1.1" 200 9913
[2025-09-30 08:49:16,109] [basehttp.py:154] [basehttp:log_message] [INFO]- "GET /admin/backend01/role/ HTTP/1.1" 200 5739
[2025-09-30 08:49:16,163] [basehttp.py:154] [basehttp:log_message] [INFO]- "GET /admin/jsi18n/ HTTP/1.1" 200 3334
[2025-09-30 08:49:19,223] [basehttp.py:154] [basehttp:log_message] [INFO]- "GET /admin/backend01/role/1/change/ HTTP/1.1" 200 5588
[2025-09-30 08:49:19,256] [basehttp.py:154] [basehttp:log_message] [INFO]- "GET /admin/jsi18n/ HTTP/1.1" 200 3334
[2025-09-30 09:10:19,971] [basehttp.py:154] [basehttp:log_message] [INFO]- "GET /admin/backend01/role/ HTTP/1.1" 200 5739
[2025-09-30 09:10:24,712] [basehttp.py:154] [basehttp:log_message] [INFO]- "GET /admin/ HTTP/1.1" 200 9913
[2025-09-30 09:10:31,493] [basehttp.py:154] [basehttp:log_message] [INFO]- "GET /admin/backend01/userinfo/ HTTP/1.1" 200 8575
[2025-09-30 09:10:31,532] [basehttp.py:154] [basehttp:log_message] [INFO]- "GET /admin/jsi18n/ HTTP/1.1" 200 3334
[2025-09-30 09:10:35,438] [basehttp.py:154] [basehttp:log_message] [INFO]- "GET /admin/backend01/userinfo/1/change/ HTTP/1.1" 200 18035
[2025-09-30 09:10:35,471] [basehttp.py:154] [basehttp:log_message] [INFO]- "GET /admin/jsi18n/ HTTP/1.1" 200 3334
