[2025-09-18 13:29:18,740] [basehttp.py:154] [basehttp:log_message] [INFO]- "GET / HTTP/1.1" 200 512
[2025-09-18 13:29:18,762] [basehttp.py:154] [basehttp:log_message] [INFO]- "GET /static/css/app.3653f32150f30f0233bf0ae74b804f89.css HTTP/1.1" 304 0
[2025-09-18 13:29:18,762] [basehttp.py:154] [basehttp:log_message] [INFO]- "GET /static/js/manifest.27706562757206fc07fd.js HTTP/1.1" 304 0
[2025-09-18 13:29:18,764] [basehttp.py:154] [basehttp:log_message] [INFO]- "GET /static/js/app.230bdfb9b5c80b0ed378.js HTTP/1.1" 304 0
[2025-09-18 13:29:18,766] [basehttp.py:154] [basehttp:log_message] [INFO]- "GET /static/js/vendor.a961cb56b9365ac34970.js HTTP/1.1" 304 0
[2025-09-18 13:29:19,141] [basehttp.py:154] [basehttp:log_message] [INFO]- "GET /static/js/2.caae714a695c32ffe083.js HTTP/1.1" 304 0
[2025-09-18 13:29:19,278] [basehttp.py:154] [basehttp:log_message] [INFO]- "GET /static/fonts/element-icons.535877f.woff HTTP/1.1" 304 0
[2025-09-18 13:29:19,299] [basehttp.py:154] [basehttp:log_message] [INFO]- "GET /favicon.ico HTTP/1.1" 200 512
[2025-09-18 13:30:26,536] [basehttp.py:154] [basehttp:log_message] [INFO]- "GET /.well-known/appspecific/com.chrome.devtools.json HTTP/1.1" 200 512
[2025-09-18 13:30:26,614] [basehttp.py:154] [basehttp:log_message] [INFO]- "GET /static/js/manifest.27706562757206fc07fd.js.map HTTP/1.1" 304 0
[2025-09-18 13:30:26,614] [basehttp.py:154] [basehttp:log_message] [INFO]- "GET /static/js/vendor.a961cb56b9365ac34970.js.map HTTP/1.1" 304 0
[2025-09-18 13:30:26,614] [basehttp.py:154] [basehttp:log_message] [INFO]- "GET /static/js/app.230bdfb9b5c80b0ed378.js.map HTTP/1.1" 304 0
[2025-09-18 13:30:26,617] [basehttp.py:154] [basehttp:log_message] [INFO]- "GET /static/js/2.caae714a695c32ffe083.js.map HTTP/1.1" 304 0
[2025-09-18 13:30:26,632] [basehttp.py:154] [basehttp:log_message] [INFO]- "GET /static/css/app.3653f32150f30f0233bf0ae74b804f89.css.map HTTP/1.1" 304 0
[2025-09-18 13:30:31,622] [basehttp.py:154] [basehttp:log_message] [INFO]- "GET /dashboard HTTP/1.1" 200 512
[2025-09-18 13:30:31,655] [basehttp.py:154] [basehttp:log_message] [INFO]- "GET /.well-known/appspecific/com.chrome.devtools.json HTTP/1.1" 200 512
[2025-09-18 13:30:31,772] [basehttp.py:154] [basehttp:log_message] [INFO]- "GET /favicon.ico HTTP/1.1" 200 512
[2025-09-18 13:30:39,603] [basehttp.py:154] [basehttp:log_message] [INFO]- "GET /static/js/1.eb848338375696cc459c.js HTTP/1.1" 304 0
[2025-09-18 13:30:39,604] [basehttp.py:154] [basehttp:log_message] [INFO]- "GET /static/js/11.e9ec2d1126e7544da099.js HTTP/1.1" 304 0
[2025-09-18 13:30:39,619] [basehttp.py:154] [basehttp:log_message] [INFO]- "GET /static/js/1.eb848338375696cc459c.js.map HTTP/1.1" 304 0
[2025-09-18 13:30:39,633] [basehttp.py:154] [basehttp:log_message] [INFO]- "GET /favicon.ico HTTP/1.1" 200 512
[2025-09-18 13:30:39,635] [basehttp.py:154] [basehttp:log_message] [INFO]- "GET /static/js/11.e9ec2d1126e7544da099.js.map HTTP/1.1" 304 0
[2025-09-18 13:30:39,710] [log.py:228] [log:log_response] [WARNING]- Forbidden: /IntelligentCabinet/init-data/
[2025-09-18 13:30:39,711] [basehttp.py:154] [basehttp:log_message] [WARNING]- "GET /IntelligentCabinet/init-data/?isGetData=first HTTP/1.1" 403 183
[2025-09-18 13:37:37,179] [basehttp.py:154] [basehttp:log_message] [INFO]- "GET /favicon.ico HTTP/1.1" 200 512
[2025-09-18 13:37:53,725] [basehttp.py:154] [basehttp:log_message] [INFO]- "OPTIONS /IntelligentCabinet/init-data/?isGetData=first HTTP/1.1" 200 0
[2025-09-18 13:37:53,730] [log.py:228] [log:log_response] [WARNING]- Forbidden: /IntelligentCabinet/init-data/
[2025-09-18 13:37:53,731] [basehttp.py:154] [basehttp:log_message] [WARNING]- "GET /IntelligentCabinet/init-data/?isGetData=first HTTP/1.1" 403 183
[2025-09-18 13:46:11,535] [log.py:228] [log:log_response] [WARNING]- Forbidden: /IntelligentCabinet/init-data/
[2025-09-18 13:46:11,536] [basehttp.py:154] [basehttp:log_message] [WARNING]- "GET /IntelligentCabinet/init-data/?isGetData=first HTTP/1.1" 403 183
[2025-09-18 13:47:34,539] [log.py:228] [log:log_response] [WARNING]- Forbidden: /IntelligentCabinet/init-data/
[2025-09-18 13:47:34,540] [basehttp.py:154] [basehttp:log_message] [WARNING]- "GET /IntelligentCabinet/init-data/?isGetData=first HTTP/1.1" 403 183
[2025-09-18 13:48:07,576] [log.py:228] [log:log_response] [WARNING]- Forbidden: /IntelligentCabinet/init-data/
[2025-09-18 13:48:07,576] [basehttp.py:154] [basehttp:log_message] [WARNING]- "GET /IntelligentCabinet/init-data/?isGetData=first HTTP/1.1" 403 183
[2025-09-18 14:12:07,510] [basehttp.py:154] [basehttp:log_message] [INFO]- "GET /static/js/8.f3d9f6537cf2352d42d6.js HTTP/1.1" 200 581
[2025-09-18 14:12:07,532] [basehttp.py:154] [basehttp:log_message] [INFO]- "GET /favicon.ico HTTP/1.1" 200 512
[2025-09-18 14:12:07,533] [basehttp.py:154] [basehttp:log_message] [INFO]- "GET /static/js/8.f3d9f6537cf2352d42d6.js.map HTTP/1.1" 200 3879
[2025-09-18 14:12:10,831] [log.py:228] [log:log_response] [WARNING]- Forbidden: /IntelligentCabinet/init-data/
[2025-09-18 14:12:10,833] [basehttp.py:154] [basehttp:log_message] [WARNING]- "GET /IntelligentCabinet/init-data/?isGetData=first HTTP/1.1" 403 183
[2025-09-18 14:12:10,834] [basehttp.py:154] [basehttp:log_message] [INFO]- "GET /favicon.ico HTTP/1.1" 200 512
[2025-09-18 14:13:36,573] [basehttp.py:154] [basehttp:log_message] [INFO]- "GET /IntelligentCabinet/cabinetsmanage/ HTTP/1.1" 200 512
[2025-09-18 14:13:36,621] [basehttp.py:154] [basehttp:log_message] [INFO]- "GET /.well-known/appspecific/com.chrome.devtools.json HTTP/1.1" 200 512
[2025-09-18 14:13:36,770] [log.py:228] [log:log_response] [WARNING]- Forbidden: /IntelligentCabinet/init-data/
[2025-09-18 14:13:36,771] [basehttp.py:154] [basehttp:log_message] [WARNING]- "GET /IntelligentCabinet/init-data/?isGetData=first HTTP/1.1" 403 183
[2025-09-18 14:13:36,778] [basehttp.py:154] [basehttp:log_message] [INFO]- "GET /favicon.ico HTTP/1.1" 200 512
[2025-09-18 14:13:59,292] [basehttp.py:154] [basehttp:log_message] [INFO]- "GET /IntelligentCabinet/cabinetsmanage/ HTTP/1.1" 200 512
[2025-09-18 14:13:59,317] [basehttp.py:154] [basehttp:log_message] [INFO]- "GET /.well-known/appspecific/com.chrome.devtools.json HTTP/1.1" 200 512
[2025-09-18 14:13:59,423] [log.py:228] [log:log_response] [WARNING]- Forbidden: /IntelligentCabinet/init-data/
[2025-09-18 14:13:59,424] [basehttp.py:154] [basehttp:log_message] [WARNING]- "GET /IntelligentCabinet/init-data/?isGetData=first HTTP/1.1" 403 183
[2025-09-18 14:13:59,435] [basehttp.py:154] [basehttp:log_message] [INFO]- "GET /favicon.ico HTTP/1.1" 200 512
[2025-09-18 14:15:08,699] [basehttp.py:154] [basehttp:log_message] [INFO]- "GET /IntelligentCabinet/cabinetsmanage/ HTTP/1.1" 200 512
[2025-09-18 14:15:08,727] [basehttp.py:154] [basehttp:log_message] [INFO]- "GET /.well-known/appspecific/com.chrome.devtools.json HTTP/1.1" 200 512
[2025-09-18 14:15:08,786] [log.py:228] [log:log_response] [WARNING]- Forbidden: /IntelligentCabinet/init-data/
[2025-09-18 14:15:08,788] [basehttp.py:154] [basehttp:log_message] [WARNING]- "GET /IntelligentCabinet/init-data/?isGetData=first HTTP/1.1" 403 183
[2025-09-18 14:15:08,789] [basehttp.py:154] [basehttp:log_message] [INFO]- "GET /favicon.ico HTTP/1.1" 200 512
[2025-09-18 14:15:16,693] [basehttp.py:154] [basehttp:log_message] [INFO]- "GET /IntelligentCabinet/cabinetsmanage/ HTTP/1.1" 200 512
[2025-09-18 14:15:16,715] [basehttp.py:154] [basehttp:log_message] [INFO]- "GET /.well-known/appspecific/com.chrome.devtools.json HTTP/1.1" 200 512
[2025-09-18 14:15:16,775] [log.py:228] [log:log_response] [WARNING]- Forbidden: /IntelligentCabinet/init-data/
[2025-09-18 14:15:16,777] [basehttp.py:154] [basehttp:log_message] [WARNING]- "GET /IntelligentCabinet/init-data/?isGetData=first HTTP/1.1" 403 183
[2025-09-18 14:15:16,788] [basehttp.py:154] [basehttp:log_message] [INFO]- "GET /favicon.ico HTTP/1.1" 200 512
[2025-09-18 14:15:16,977] [basehttp.py:154] [basehttp:log_message] [INFO]- "GET /IntelligentCabinet/cabinetsmanage/ HTTP/1.1" 200 512
[2025-09-18 14:15:17,014] [basehttp.py:154] [basehttp:log_message] [INFO]- "GET /.well-known/appspecific/com.chrome.devtools.json HTTP/1.1" 200 512
[2025-09-18 14:15:17,082] [log.py:228] [log:log_response] [WARNING]- Forbidden: /IntelligentCabinet/init-data/
[2025-09-18 14:15:17,083] [basehttp.py:154] [basehttp:log_message] [WARNING]- "GET /IntelligentCabinet/init-data/?isGetData=first HTTP/1.1" 403 183
[2025-09-18 14:15:17,093] [basehttp.py:154] [basehttp:log_message] [INFO]- "GET /favicon.ico HTTP/1.1" 200 512
[2025-09-18 14:15:17,148] [basehttp.py:154] [basehttp:log_message] [INFO]- "GET /IntelligentCabinet/cabinetsmanage/ HTTP/1.1" 200 512
[2025-09-18 14:15:17,252] [log.py:228] [log:log_response] [WARNING]- Forbidden: /IntelligentCabinet/init-data/
[2025-09-18 14:15:17,253] [basehttp.py:154] [basehttp:log_message] [WARNING]- "GET /IntelligentCabinet/init-data/?isGetData=first HTTP/1.1" 403 183
[2025-09-18 14:15:17,256] [basehttp.py:154] [basehttp:log_message] [INFO]- "GET /favicon.ico HTTP/1.1" 200 512
[2025-09-18 14:15:17,278] [basehttp.py:154] [basehttp:log_message] [INFO]- "GET /.well-known/appspecific/com.chrome.devtools.json HTTP/1.1" 200 512
[2025-09-18 14:15:17,334] [basehttp.py:154] [basehttp:log_message] [INFO]- "GET /IntelligentCabinet/cabinetsmanage/ HTTP/1.1" 200 512
[2025-09-18 14:15:17,378] [basehttp.py:154] [basehttp:log_message] [INFO]- "GET /.well-known/appspecific/com.chrome.devtools.json HTTP/1.1" 200 512
[2025-09-18 14:15:17,459] [log.py:228] [log:log_response] [WARNING]- Forbidden: /IntelligentCabinet/init-data/
[2025-09-18 14:15:17,460] [basehttp.py:154] [basehttp:log_message] [WARNING]- "GET /IntelligentCabinet/init-data/?isGetData=first HTTP/1.1" 403 183
[2025-09-18 14:15:17,469] [basehttp.py:154] [basehttp:log_message] [INFO]- "GET /favicon.ico HTTP/1.1" 200 512
[2025-09-18 14:23:47,859] [basehttp.py:154] [basehttp:log_message] [INFO]- "GET /IntelligentCabinet/cabinetsmanage/ HTTP/1.1" 200 512
[2025-09-18 14:23:47,906] [basehttp.py:154] [basehttp:log_message] [INFO]- "GET /.well-known/appspecific/com.chrome.devtools.json HTTP/1.1" 200 512
[2025-09-18 14:23:48,057] [log.py:228] [log:log_response] [WARNING]- Forbidden: /IntelligentCabinet/init-data/
[2025-09-18 14:23:48,058] [basehttp.py:154] [basehttp:log_message] [WARNING]- "GET /IntelligentCabinet/init-data/?isGetData=first HTTP/1.1" 403 183
[2025-09-18 14:23:48,063] [basehttp.py:154] [basehttp:log_message] [INFO]- "GET /favicon.ico HTTP/1.1" 200 512
[2025-09-18 14:23:49,317] [basehttp.py:154] [basehttp:log_message] [INFO]- "GET /IntelligentCabinet/cabinetsmanage/ HTTP/1.1" 200 512
[2025-09-18 14:23:49,344] [basehttp.py:154] [basehttp:log_message] [INFO]- "GET /.well-known/appspecific/com.chrome.devtools.json HTTP/1.1" 200 512
[2025-09-18 14:23:49,490] [log.py:228] [log:log_response] [WARNING]- Forbidden: /IntelligentCabinet/init-data/
[2025-09-18 14:23:49,490] [basehttp.py:154] [basehttp:log_message] [WARNING]- "GET /IntelligentCabinet/init-data/?isGetData=first HTTP/1.1" 403 183
[2025-09-18 14:23:49,499] [basehttp.py:154] [basehttp:log_message] [INFO]- "GET /favicon.ico HTTP/1.1" 200 512
[2025-09-18 14:23:49,736] [basehttp.py:154] [basehttp:log_message] [INFO]- "GET /IntelligentCabinet/cabinetsmanage/ HTTP/1.1" 200 512
[2025-09-18 14:23:49,766] [basehttp.py:154] [basehttp:log_message] [INFO]- "GET /.well-known/appspecific/com.chrome.devtools.json HTTP/1.1" 200 512
[2025-09-18 14:23:49,843] [log.py:228] [log:log_response] [WARNING]- Forbidden: /IntelligentCabinet/init-data/
[2025-09-18 14:23:49,845] [basehttp.py:154] [basehttp:log_message] [WARNING]- "GET /IntelligentCabinet/init-data/?isGetData=first HTTP/1.1" 403 183
[2025-09-18 14:23:49,846] [basehttp.py:154] [basehttp:log_message] [INFO]- "GET /favicon.ico HTTP/1.1" 200 512
[2025-09-18 14:23:49,997] [basehttp.py:154] [basehttp:log_message] [INFO]- "GET /IntelligentCabinet/cabinetsmanage/ HTTP/1.1" 200 512
[2025-09-18 14:23:50,032] [basehttp.py:154] [basehttp:log_message] [INFO]- "GET /.well-known/appspecific/com.chrome.devtools.json HTTP/1.1" 200 512
[2025-09-18 14:23:50,130] [log.py:228] [log:log_response] [WARNING]- Forbidden: /IntelligentCabinet/init-data/
[2025-09-18 14:23:50,131] [basehttp.py:154] [basehttp:log_message] [WARNING]- "GET /IntelligentCabinet/init-data/?isGetData=first HTTP/1.1" 403 183
[2025-09-18 14:23:50,136] [basehttp.py:154] [basehttp:log_message] [INFO]- "GET /favicon.ico HTTP/1.1" 200 512
[2025-09-18 14:23:56,296] [basehttp.py:154] [basehttp:log_message] [INFO]- "GET /IntelligentCabinet/cabinetsmanage/ HTTP/1.1" 200 512
[2025-09-18 14:23:56,331] [basehttp.py:154] [basehttp:log_message] [INFO]- "GET /.well-known/appspecific/com.chrome.devtools.json HTTP/1.1" 200 512
[2025-09-18 14:23:56,389] [log.py:228] [log:log_response] [WARNING]- Forbidden: /IntelligentCabinet/init-data/
[2025-09-18 14:23:56,391] [basehttp.py:154] [basehttp:log_message] [WARNING]- "GET /IntelligentCabinet/init-data/?isGetData=first HTTP/1.1" 403 183
[2025-09-18 14:23:56,402] [basehttp.py:154] [basehttp:log_message] [INFO]- "GET /favicon.ico HTTP/1.1" 200 512
[2025-09-18 14:23:56,770] [basehttp.py:154] [basehttp:log_message] [INFO]- "GET /IntelligentCabinet/cabinetsmanage/ HTTP/1.1" 200 512
[2025-09-18 14:23:56,808] [basehttp.py:154] [basehttp:log_message] [INFO]- "GET /.well-known/appspecific/com.chrome.devtools.json HTTP/1.1" 200 512
[2025-09-18 14:23:56,866] [log.py:228] [log:log_response] [WARNING]- Forbidden: /IntelligentCabinet/init-data/
[2025-09-18 14:23:56,867] [basehttp.py:154] [basehttp:log_message] [WARNING]- "GET /IntelligentCabinet/init-data/?isGetData=first HTTP/1.1" 403 183
[2025-09-18 14:23:56,875] [basehttp.py:154] [basehttp:log_message] [INFO]- "GET /favicon.ico HTTP/1.1" 200 512
[2025-09-18 14:23:57,037] [basehttp.py:154] [basehttp:log_message] [INFO]- "GET /IntelligentCabinet/cabinetsmanage/ HTTP/1.1" 200 512
[2025-09-18 14:23:57,075] [basehttp.py:154] [basehttp:log_message] [INFO]- "GET /.well-known/appspecific/com.chrome.devtools.json HTTP/1.1" 200 512
[2025-09-18 14:23:57,136] [log.py:228] [log:log_response] [WARNING]- Forbidden: /IntelligentCabinet/init-data/
[2025-09-18 14:23:57,137] [basehttp.py:154] [basehttp:log_message] [WARNING]- "GET /IntelligentCabinet/init-data/?isGetData=first HTTP/1.1" 403 183
[2025-09-18 14:23:57,146] [basehttp.py:154] [basehttp:log_message] [INFO]- "GET /favicon.ico HTTP/1.1" 200 512
[2025-09-18 14:26:06,917] [basehttp.py:154] [basehttp:log_message] [INFO]- "GET /IntelligentCabinet/cabinetsmanage/ HTTP/1.1" 200 512
[2025-09-18 14:26:06,963] [basehttp.py:154] [basehttp:log_message] [INFO]- "GET /.well-known/appspecific/com.chrome.devtools.json HTTP/1.1" 200 512
[2025-09-18 14:26:07,029] [log.py:228] [log:log_response] [WARNING]- Forbidden: /IntelligentCabinet/init-data/
[2025-09-18 14:26:07,031] [basehttp.py:154] [basehttp:log_message] [WARNING]- "GET /IntelligentCabinet/init-data/?isGetData=first HTTP/1.1" 403 183
[2025-09-18 14:26:07,032] [basehttp.py:154] [basehttp:log_message] [INFO]- "GET /favicon.ico HTTP/1.1" 200 512
[2025-09-18 14:26:08,636] [basehttp.py:154] [basehttp:log_message] [INFO]- "GET /IntelligentCabinet/cabinetsmanage/ HTTP/1.1" 200 512
[2025-09-18 14:26:08,661] [basehttp.py:154] [basehttp:log_message] [INFO]- "GET /.well-known/appspecific/com.chrome.devtools.json HTTP/1.1" 200 512
[2025-09-18 14:26:08,726] [log.py:228] [log:log_response] [WARNING]- Forbidden: /IntelligentCabinet/init-data/
[2025-09-18 14:26:08,727] [basehttp.py:154] [basehttp:log_message] [WARNING]- "GET /IntelligentCabinet/init-data/?isGetData=first HTTP/1.1" 403 183
[2025-09-18 14:26:08,730] [basehttp.py:154] [basehttp:log_message] [INFO]- "GET /favicon.ico HTTP/1.1" 200 512
[2025-09-18 14:26:08,819] [basehttp.py:154] [basehttp:log_message] [INFO]- "GET /IntelligentCabinet/cabinetsmanage/ HTTP/1.1" 200 512
[2025-09-18 14:26:08,915] [log.py:228] [log:log_response] [WARNING]- Forbidden: /IntelligentCabinet/init-data/
[2025-09-18 14:26:08,916] [basehttp.py:154] [basehttp:log_message] [WARNING]- "GET /IntelligentCabinet/init-data/?isGetData=first HTTP/1.1" 403 183
[2025-09-18 14:26:08,921] [basehttp.py:154] [basehttp:log_message] [INFO]- "GET /favicon.ico HTTP/1.1" 200 512
[2025-09-18 14:26:08,946] [basehttp.py:154] [basehttp:log_message] [INFO]- "GET /.well-known/appspecific/com.chrome.devtools.json HTTP/1.1" 200 512
[2025-09-18 14:26:09,009] [basehttp.py:154] [basehttp:log_message] [INFO]- "GET /IntelligentCabinet/cabinetsmanage/ HTTP/1.1" 200 512
[2025-09-18 14:26:09,056] [basehttp.py:154] [basehttp:log_message] [INFO]- "GET /.well-known/appspecific/com.chrome.devtools.json HTTP/1.1" 200 512
[2025-09-18 14:26:09,150] [log.py:228] [log:log_response] [WARNING]- Forbidden: /IntelligentCabinet/init-data/
[2025-09-18 14:26:09,152] [basehttp.py:154] [basehttp:log_message] [WARNING]- "GET /IntelligentCabinet/init-data/?isGetData=first HTTP/1.1" 403 183
[2025-09-18 14:26:09,156] [basehttp.py:154] [basehttp:log_message] [INFO]- "GET /favicon.ico HTTP/1.1" 200 512
[2025-09-18 14:26:09,197] [basehttp.py:154] [basehttp:log_message] [INFO]- "GET /IntelligentCabinet/cabinetsmanage/ HTTP/1.1" 200 512
[2025-09-18 14:26:09,251] [basehttp.py:154] [basehttp:log_message] [INFO]- "GET /.well-known/appspecific/com.chrome.devtools.json HTTP/1.1" 200 512
[2025-09-18 14:26:09,332] [log.py:228] [log:log_response] [WARNING]- Forbidden: /IntelligentCabinet/init-data/
[2025-09-18 14:26:09,333] [basehttp.py:154] [basehttp:log_message] [WARNING]- "GET /IntelligentCabinet/init-data/?isGetData=first HTTP/1.1" 403 183
[2025-09-18 14:26:09,337] [basehttp.py:154] [basehttp:log_message] [INFO]- "GET /favicon.ico HTTP/1.1" 200 512
[2025-09-18 14:26:09,382] [basehttp.py:154] [basehttp:log_message] [INFO]- "GET /IntelligentCabinet/cabinetsmanage/ HTTP/1.1" 200 512
[2025-09-18 14:26:09,443] [basehttp.py:154] [basehttp:log_message] [INFO]- "GET /.well-known/appspecific/com.chrome.devtools.json HTTP/1.1" 200 512
[2025-09-18 14:26:09,570] [log.py:228] [log:log_response] [WARNING]- Forbidden: /IntelligentCabinet/init-data/
[2025-09-18 14:26:09,588] [basehttp.py:154] [basehttp:log_message] [WARNING]- "GET /IntelligentCabinet/init-data/?isGetData=first HTTP/1.1" 403 183
[2025-09-18 14:26:09,589] [basehttp.py:154] [basehttp:log_message] [INFO]- "GET /favicon.ico HTTP/1.1" 200 512
[2025-09-18 14:26:13,593] [basehttp.py:154] [basehttp:log_message] [INFO]- "GET /.well-known/appspecific/com.chrome.devtools.json HTTP/1.1" 200 512
[2025-09-18 14:26:14,300] [basehttp.py:154] [basehttp:log_message] [INFO]- "GET /favicon.ico HTTP/1.1" 200 512
[2025-09-18 14:26:18,428] [log.py:228] [log:log_response] [WARNING]- Forbidden: /IntelligentCabinet/init-data/
[2025-09-18 14:26:18,430] [basehttp.py:154] [basehttp:log_message] [WARNING]- "GET /IntelligentCabinet/init-data/?isGetData=first HTTP/1.1" 403 183
[2025-09-18 14:26:18,431] [basehttp.py:154] [basehttp:log_message] [INFO]- "GET /favicon.ico HTTP/1.1" 200 512
[2025-09-18 14:27:12,497] [basehttp.py:154] [basehttp:log_message] [INFO]- "GET /IntelligentCabinet/cabinetsmanage/ HTTP/1.1" 200 512
[2025-09-18 14:27:12,525] [basehttp.py:154] [basehttp:log_message] [INFO]- "GET /.well-known/appspecific/com.chrome.devtools.json HTTP/1.1" 200 512
[2025-09-18 14:27:12,614] [log.py:228] [log:log_response] [WARNING]- Forbidden: /IntelligentCabinet/init-data/
[2025-09-18 14:27:12,616] [basehttp.py:154] [basehttp:log_message] [WARNING]- "GET /IntelligentCabinet/init-data/?isGetData=first HTTP/1.1" 403 183
[2025-09-18 14:27:12,617] [basehttp.py:154] [basehttp:log_message] [INFO]- "GET /favicon.ico HTTP/1.1" 200 512
[2025-09-18 14:27:32,145] [basehttp.py:154] [basehttp:log_message] [INFO]- "GET /IntelligentCabinet/cabinetsmanage/ HTTP/1.1" 200 512
[2025-09-18 14:27:32,174] [basehttp.py:154] [basehttp:log_message] [INFO]- "GET /.well-known/appspecific/com.chrome.devtools.json HTTP/1.1" 200 512
[2025-09-18 14:27:32,241] [log.py:228] [log:log_response] [WARNING]- Forbidden: /IntelligentCabinet/init-data/
[2025-09-18 14:27:32,242] [basehttp.py:154] [basehttp:log_message] [WARNING]- "GET /IntelligentCabinet/init-data/?isGetData=first HTTP/1.1" 403 183
[2025-09-18 14:27:32,255] [basehttp.py:154] [basehttp:log_message] [INFO]- "GET /favicon.ico HTTP/1.1" 200 512
[2025-09-18 14:28:26,258] [basehttp.py:154] [basehttp:log_message] [INFO]- "GET /IntelligentCabinet/cabinetsmanage/ HTTP/1.1" 200 512
[2025-09-18 14:28:26,296] [basehttp.py:154] [basehttp:log_message] [INFO]- "GET /.well-known/appspecific/com.chrome.devtools.json HTTP/1.1" 200 512
[2025-09-18 14:28:26,445] [log.py:228] [log:log_response] [WARNING]- Forbidden: /IntelligentCabinet/init-data/
[2025-09-18 14:28:26,446] [basehttp.py:154] [basehttp:log_message] [WARNING]- "GET /IntelligentCabinet/init-data/?isGetData=first HTTP/1.1" 403 183
[2025-09-18 14:28:26,450] [basehttp.py:154] [basehttp:log_message] [INFO]- "GET /favicon.ico HTTP/1.1" 200 512
[2025-09-18 14:29:39,867] [basehttp.py:154] [basehttp:log_message] [INFO]- "GET /IntelligentCabinet/cabinetsmanage/ HTTP/1.1" 200 512
[2025-09-18 14:29:39,894] [basehttp.py:154] [basehttp:log_message] [INFO]- "GET /.well-known/appspecific/com.chrome.devtools.json HTTP/1.1" 200 512
[2025-09-18 14:29:39,963] [log.py:228] [log:log_response] [WARNING]- Forbidden: /IntelligentCabinet/init-data/
[2025-09-18 14:29:39,964] [basehttp.py:154] [basehttp:log_message] [WARNING]- "GET /IntelligentCabinet/init-data/?isGetData=first HTTP/1.1" 403 183
[2025-09-18 14:29:39,979] [basehttp.py:154] [basehttp:log_message] [INFO]- "GET /favicon.ico HTTP/1.1" 200 512
[2025-09-18 14:32:32,105] [basehttp.py:154] [basehttp:log_message] [INFO]- "OPTIONS /api/login/ HTTP/1.1" 200 0
[2025-09-18 14:32:32,680] [UserIP.py:88] [UserIP:process_response] [INFO]- 2025-09-18 14:32:32: edwin/AnonymousUser/Admin> None/EDWIN/bxbei > 127.0.0.1/127.0.0.1 > <WSGIRequest: POST '/api/login/'>
[2025-09-18 14:32:32,713] [basehttp.py:154] [basehttp:log_message] [INFO]- "POST /api/login/ HTTP/1.1" 200 1319
[2025-09-18 14:32:38,731] [basehttp.py:154] [basehttp:log_message] [INFO]- "GET /IntelligentCabinet/init-data/?isGetData=first HTTP/1.1" 200 15420
